// Jest Snapshot v1, https://goo.gl/fbAQLP

exports[`Should render Header Correctly 1`] = `
<header>
  <h1>
    Contract Database
  </h1>
  <NavLink
    activeClassName="is-active"
    exact={true}
    to="/"
  >
    Home
  </NavLink>
  <NavLink
    activeClassName="is-active"
    to="/create"
  >
    Add Contract
  </NavLink>
  <NavLink
    activeClassName="is-active"
    to="/help"
  >
    Help Pgae
  </NavLink>
</header>
`;
